
*** Running vivado
    with args -log keyboard_top.vds -m64 -product Vivado -mode batch -messageDb vivado.pb -notrace -source keyboard_top.tcl



****** Vivado v2024.1 (64-bit)
  **** SW Build 5076996 on Wed May 22 18:37:14 MDT 2024
  **** IP Build 5075265 on Wed May 22 21:45:21 MDT 2024
  **** SharedData Build 5076995 on Wed May 22 18:29:18 MDT 2024
  **** Start of session at: Wed Sep 16 16:44:07 2026
    ** Copyright 1986-2022 Xilinx, Inc. All Rights Reserved.
    ** Copyright 2022-2024 Advanced Micro Devices, Inc. All Rights Reserved.

source keyboard_top.tcl -notrace
create_project: Time (s): cpu = 00:00:07 ; elapsed = 00:00:09 . Memory (MB): peak = 605.684 ; gain = 200.137
Command: read_checkpoint -auto_incremental -incremental C:/Users/ol5102ma-s/Program/Vivado/lab2_corrected/lab2/lab2.srcs/utils_1/imports/synth_1/keyboard_top.dcp
INFO: [Vivado 12-5825] Read reference checkpoint from C:/Users/ol5102ma-s/Program/Vivado/lab2_corrected/lab2/lab2.srcs/utils_1/imports/synth_1/keyboard_top.dcp for incremental synthesis
INFO: [Vivado 12-7989] Please ensure there are no constraint changes
Command: synth_design -top keyboard_top -part xc7a100tcsg324-1
Starting synth_design
Attempting to get a license for feature 'Synthesis' and/or device 'xc7a100t'
INFO: [Common 17-349] Got license for feature 'Synthesis' and/or device 'xc7a100t'
INFO: [Device 21-403] Loading part xc7a100tcsg324-1
INFO: [Device 21-9227] Part: xc7a100tcsg324-1 does not have CEAM library.
INFO: [Designutils 20-5440] No compile time benefit to using incremental synthesis; A full resynthesis will be run
INFO: [Designutils 20-4379] Flow is switching to default flow due to incremental criteria not met. If you would like to alter this behaviour and have the flow terminate instead, please set the following parameter config_implementation {autoIncr.Synth.RejectBehavior Terminate}
INFO: [Synth 8-7079] Multithreading enabled for synth_design using a maximum of 2 processes.
INFO: [Synth 8-7078] Launching helper process for spawning children vivado processes
INFO: [Synth 8-7075] Helper process launched with PID 10772
---------------------------------------------------------------------------------
Starting RTL Elaboration : Time (s): cpu = 00:00:05 ; elapsed = 00:00:06 . Memory (MB): peak = 1474.234 ; gain = 447.922
---------------------------------------------------------------------------------
INFO: [Synth 8-6157] synthesizing module 'keyboard_top' [C:/Users/ol5102ma-s/Program/Vivado/lab2_corrected/lab2/lab2.srcs/sources_1/imports/lab2/keyboard_top.sv:7]
INFO: [Synth 8-6157] synthesizing module 'sync_keyboard' [C:/Users/ol5102ma-s/Program/Vivado/lab2_corrected/lab2/lab2.srcs/sources_1/imports/lab2/sync_keyboard.sv:7]
INFO: [Synth 8-6155] done synthesizing module 'sync_keyboard' (0#1) [C:/Users/ol5102ma-s/Program/Vivado/lab2_corrected/lab2/lab2.srcs/sources_1/imports/lab2/sync_keyboard.sv:7]
INFO: [Synth 8-6157] synthesizing module 'edge_detector' [C:/Users/ol5102ma-s/Program/Vivado/lab2_corrected/lab2/lab2.srcs/sources_1/imports/lab2/edge_detector.sv:7]
INFO: [Synth 8-6155] done synthesizing module 'edge_detector' (0#1) [C:/Users/ol5102ma-s/Program/Vivado/lab2_corrected/lab2/lab2.srcs/sources_1/imports/lab2/edge_detector.sv:7]
INFO: [Synth 8-6157] synthesizing module 'convert_scancode' [C:/Users/ol5102ma-s/Program/Vivado/lab2_corrected/lab2/lab2.srcs/sources_1/imports/lab2/convert_scancode.sv:8]
INFO: [Synth 8-6155] done synthesizing module 'convert_scancode' (0#1) [C:/Users/ol5102ma-s/Program/Vivado/lab2_corrected/lab2/lab2.srcs/sources_1/imports/lab2/convert_scancode.sv:8]
INFO: [Synth 8-6157] synthesizing module 'keyboard_ctrl' [C:/Users/ol5102ma-s/Program/Vivado/lab2_corrected/lab2/lab2.srcs/sources_1/imports/lab2/keyboard_ctrl.sv:7]
INFO: [Synth 8-226] default block is never used [C:/Users/ol5102ma-s/Program/Vivado/lab2_corrected/lab2/lab2.srcs/sources_1/imports/lab2/keyboard_ctrl.sv:57]
INFO: [Synth 8-6155] done synthesizing module 'keyboard_ctrl' (0#1) [C:/Users/ol5102ma-s/Program/Vivado/lab2_corrected/lab2/lab2.srcs/sources_1/imports/lab2/keyboard_ctrl.sv:7]
INFO: [Synth 8-6157] synthesizing module 'convert_to_binary' [C:/Users/ol5102ma-s/Program/Vivado/lab2_corrected/lab2/lab2.srcs/sources_1/imports/lab2/convert_to_binary.sv:7]
INFO: [Synth 8-6155] done synthesizing module 'convert_to_binary' (0#1) [C:/Users/ol5102ma-s/Program/Vivado/lab2_corrected/lab2/lab2.srcs/sources_1/imports/lab2/convert_to_binary.sv:7]
INFO: [Synth 8-6157] synthesizing module 'binary_to_sg' [C:/Users/ol5102ma-s/Program/Vivado/lab2_corrected/lab2/lab2.srcs/sources_1/imports/lab2/binary_to_sg.sv:7]
INFO: [Synth 8-6155] done synthesizing module 'binary_to_sg' (0#1) [C:/Users/ol5102ma-s/Program/Vivado/lab2_corrected/lab2/lab2.srcs/sources_1/imports/lab2/binary_to_sg.sv:7]
INFO: [Synth 8-6155] done synthesizing module 'keyboard_top' (0#1) [C:/Users/ol5102ma-s/Program/Vivado/lab2_corrected/lab2/lab2.srcs/sources_1/imports/lab2/keyboard_top.sv:7]
---------------------------------------------------------------------------------
Finished RTL Elaboration : Time (s): cpu = 00:00:07 ; elapsed = 00:00:08 . Memory (MB): peak = 1585.605 ; gain = 559.293
---------------------------------------------------------------------------------
---------------------------------------------------------------------------------
Start Handling Custom Attributes
---------------------------------------------------------------------------------
---------------------------------------------------------------------------------
Finished Handling Custom Attributes : Time (s): cpu = 00:00:07 ; elapsed = 00:00:08 . Memory (MB): peak = 1585.605 ; gain = 559.293
---------------------------------------------------------------------------------
---------------------------------------------------------------------------------
Finished RTL Optimization Phase 1 : Time (s): cpu = 00:00:07 ; elapsed = 00:00:08 . Memory (MB): peak = 1585.605 ; gain = 559.293
---------------------------------------------------------------------------------
Netlist sorting complete. Time (s): cpu = 00:00:00 ; elapsed = 00:00:00.001 . Memory (MB): peak = 1585.605 ; gain = 0.000
INFO: [Project 1-570] Preparing netlist for logic optimization

Processing XDC Constraints
Initializing timing engine
Parsing XDC File [C:/Users/ol5102ma-s/Program/Vivado/lab2_corrected/lab2/lab2.srcs/constrs_1/imports/lab2/keyboard_top.xdc]
Finished Parsing XDC File [C:/Users/ol5102ma-s/Program/Vivado/lab2_corrected/lab2/lab2.srcs/constrs_1/imports/lab2/keyboard_top.xdc]
INFO: [Project 1-236] Implementation specific constraints were found while reading constraint file [C:/Users/ol5102ma-s/Program/Vivado/lab2_corrected/lab2/lab2.srcs/constrs_1/imports/lab2/keyboard_top.xdc]. These constraints will be ignored for synthesis but will be used in implementation. Impacted constraints are listed in the file [.Xil/keyboard_top_propImpl.xdc].
Resolution: To avoid this warning, move constraints listed in [.Xil/keyboard_top_propImpl.xdc] to another XDC file and exclude this new file from synthesis with the used_in_synthesis property (File Properties dialog in GUI) and re-run elaboration/synthesis.
Completed Processing XDC Constraints

Netlist sorting complete. Time (s): cpu = 00:00:00 ; elapsed = 00:00:00 . Memory (MB): peak = 1659.488 ; gain = 0.000
INFO: [Project 1-111] Unisim Transformation Summary:
No Unisim elements were transformed.

Constraint Validation Runtime : Time (s): cpu = 00:00:00 ; elapsed = 00:00:00.003 . Memory (MB): peak = 1659.488 ; gain = 0.000
INFO: [Designutils 20-5440] No compile time benefit to using incremental synthesis; A full resynthesis will be run
INFO: [Designutils 20-4379] Flow is switching to default flow due to incremental criteria not met. If you would like to alter this behaviour and have the flow terminate instead, please set the following parameter config_implementation {autoIncr.Synth.RejectBehavior Terminate}
---------------------------------------------------------------------------------
Finished Constraint Validation : Time (s): cpu = 00:00:15 ; elapsed = 00:00:17 . Memory (MB): peak = 1659.488 ; gain = 633.176
---------------------------------------------------------------------------------
---------------------------------------------------------------------------------
Start Loading Part and Timing Information
---------------------------------------------------------------------------------
Loading part: xc7a100tcsg324-1
---------------------------------------------------------------------------------
Finished Loading Part and Timing Information : Time (s): cpu = 00:00:15 ; elapsed = 00:00:17 . Memory (MB): peak = 1659.488 ; gain = 633.176
---------------------------------------------------------------------------------
---------------------------------------------------------------------------------
Start Applying 'set_property' XDC Constraints
---------------------------------------------------------------------------------
---------------------------------------------------------------------------------
Finished applying 'set_property' XDC Constraints : Time (s): cpu = 00:00:15 ; elapsed = 00:00:17 . Memory (MB): peak = 1659.488 ; gain = 633.176
---------------------------------------------------------------------------------
---------------------------------------------------------------------------------
Finished RTL Optimization Phase 2 : Time (s): cpu = 00:00:15 ; elapsed = 00:00:17 . Memory (MB): peak = 1659.488 ; gain = 633.176
---------------------------------------------------------------------------------
---------------------------------------------------------------------------------
Start RTL Component Statistics 
---------------------------------------------------------------------------------
Detailed RTL Component Info : 
+---Adders : 
	   2 Input    4 Bit       Adders := 1     
	   2 Input    2 Bit       Adders := 2     
+---Registers : 
	               10 Bit    Registers := 1     
	                8 Bit    Registers := 5     
	                4 Bit    Registers := 1     
	                2 Bit    Registers := 2     
	                1 Bit    Registers := 6     
+---Muxes : 
	   4 Input    8 Bit        Muxes := 1     
	   2 Input    4 Bit        Muxes := 2     
	   4 Input    4 Bit        Muxes := 1     
	   2 Input    2 Bit        Muxes := 1     
	   2 Input    1 Bit        Muxes := 2     
---------------------------------------------------------------------------------
Finished RTL Component Statistics 
---------------------------------------------------------------------------------
---------------------------------------------------------------------------------
Start Part Resource Summary
---------------------------------------------------------------------------------
Part Resources:
DSPs: 240 (col length:80)
BRAMs: 270 (col length: RAMB18 80 RAMB36 40)
---------------------------------------------------------------------------------
Finished Part Resource Summary
---------------------------------------------------------------------------------
---------------------------------------------------------------------------------
Start Cross Boundary and Area Optimization
---------------------------------------------------------------------------------
WARNING: [Synth 8-7080] Parallel synthesis criteria is not met
---------------------------------------------------------------------------------
Finished Cross Boundary and Area Optimization : Time (s): cpu = 00:00:17 ; elapsed = 00:00:19 . Memory (MB): peak = 1659.488 ; gain = 633.176
---------------------------------------------------------------------------------
---------------------------------------------------------------------------------
Start Applying XDC Timing Constraints
---------------------------------------------------------------------------------
---------------------------------------------------------------------------------
Finished Applying XDC Timing Constraints : Time (s): cpu = 00:00:24 ; elapsed = 00:00:26 . Memory (MB): peak = 1659.488 ; gain = 633.176
---------------------------------------------------------------------------------
---------------------------------------------------------------------------------
Start Timing Optimization
---------------------------------------------------------------------------------
---------------------------------------------------------------------------------
Finished Timing Optimization : Time (s): cpu = 00:00:24 ; elapsed = 00:00:26 . Memory (MB): peak = 1659.488 ; gain = 633.176
---------------------------------------------------------------------------------
---------------------------------------------------------------------------------
Start Technology Mapping
---------------------------------------------------------------------------------
---------------------------------------------------------------------------------
Finished Technology Mapping : Time (s): cpu = 00:00:24 ; elapsed = 00:00:26 . Memory (MB): peak = 1659.488 ; gain = 633.176
---------------------------------------------------------------------------------
---------------------------------------------------------------------------------
Start IO Insertion
---------------------------------------------------------------------------------
---------------------------------------------------------------------------------
Start Flattening Before IO Insertion
---------------------------------------------------------------------------------
---------------------------------------------------------------------------------
Finished Flattening Before IO Insertion
---------------------------------------------------------------------------------
---------------------------------------------------------------------------------
Start Final Netlist Cleanup
---------------------------------------------------------------------------------
---------------------------------------------------------------------------------
Finished Final Netlist Cleanup
---------------------------------------------------------------------------------
---------------------------------------------------------------------------------
Finished IO Insertion : Time (s): cpu = 00:00:29 ; elapsed = 00:00:31 . Memory (MB): peak = 1659.488 ; gain = 633.176
---------------------------------------------------------------------------------
---------------------------------------------------------------------------------
Start Renaming Generated Instances
---------------------------------------------------------------------------------
---------------------------------------------------------------------------------
Finished Renaming Generated Instances : Time (s): cpu = 00:00:29 ; elapsed = 00:00:31 . Memory (MB): peak = 1659.488 ; gain = 633.176
---------------------------------------------------------------------------------
---------------------------------------------------------------------------------
Start Rebuilding User Hierarchy
---------------------------------------------------------------------------------
---------------------------------------------------------------------------------
Finished Rebuilding User Hierarchy : Time (s): cpu = 00:00:29 ; elapsed = 00:00:31 . Memory (MB): peak = 1659.488 ; gain = 633.176
---------------------------------------------------------------------------------
---------------------------------------------------------------------------------
Start Renaming Generated Ports
---------------------------------------------------------------------------------
---------------------------------------------------------------------------------
Finished Renaming Generated Ports : Time (s): cpu = 00:00:29 ; elapsed = 00:00:31 . Memory (MB): peak = 1659.488 ; gain = 633.176
---------------------------------------------------------------------------------
---------------------------------------------------------------------------------
Start Handling Custom Attributes
---------------------------------------------------------------------------------
---------------------------------------------------------------------------------
Finished Handling Custom Attributes : Time (s): cpu = 00:00:29 ; elapsed = 00:00:31 . Memory (MB): peak = 1659.488 ; gain = 633.176
---------------------------------------------------------------------------------
---------------------------------------------------------------------------------
Start Renaming Generated Nets
---------------------------------------------------------------------------------
---------------------------------------------------------------------------------
Finished Renaming Generated Nets : Time (s): cpu = 00:00:29 ; elapsed = 00:00:31 . Memory (MB): peak = 1659.488 ; gain = 633.176
---------------------------------------------------------------------------------
---------------------------------------------------------------------------------
Start Writing Synthesis Report
---------------------------------------------------------------------------------

Report BlackBoxes: 
+-+--------------+----------+
| |BlackBox name |Instances |
+-+--------------+----------+
+-+--------------+----------+

Report Cell Usage: 
+------+-------+------+
|      |Cell   |Count |
+------+-------+------+
|1     |BUFG   |     1|
|2     |CARRY4 |     2|
|3     |LUT1   |     1|
|4     |LUT2   |     7|
|5     |LUT3   |     4|
|6     |LUT4   |     6|
|7     |LUT5   |     3|
|8     |LUT6   |    22|
|9     |FDRE   |    71|
|10    |IBUF   |     4|
|11    |OBUF   |    20|
+------+-------+------+
---------------------------------------------------------------------------------
Finished Writing Synthesis Report : Time (s): cpu = 00:00:29 ; elapsed = 00:00:31 . Memory (MB): peak = 1659.488 ; gain = 633.176
---------------------------------------------------------------------------------
Synthesis finished with 0 errors, 0 critical warnings and 1 warnings.
Synthesis Optimization Runtime : Time (s): cpu = 00:00:20 ; elapsed = 00:00:29 . Memory (MB): peak = 1659.488 ; gain = 559.293
Synthesis Optimization Complete : Time (s): cpu = 00:00:29 ; elapsed = 00:00:31 . Memory (MB): peak = 1659.488 ; gain = 633.176
INFO: [Project 1-571] Translating synthesized netlist
Netlist sorting complete. Time (s): cpu = 00:00:00 ; elapsed = 00:00:00.001 . Memory (MB): peak = 1659.488 ; gain = 0.000
INFO: [Netlist 29-17] Analyzing 2 Unisim elements for replacement
INFO: [Netlist 29-28] Unisim Transformation completed in 0 CPU seconds
INFO: [Project 1-570] Preparing netlist for logic optimization
INFO: [Opt 31-138] Pushed 0 inverter(s) to 0 load pin(s).
Netlist sorting complete. Time (s): cpu = 00:00:00 ; elapsed = 00:00:00 . Memory (MB): peak = 1659.488 ; gain = 0.000
INFO: [Project 1-111] Unisim Transformation Summary:
No Unisim elements were transformed.

Synth Design complete | Checksum: 89d5e025
INFO: [Common 17-83] Releasing license: Synthesis
37 Infos, 1 Warnings, 0 Critical Warnings and 0 Errors encountered.
synth_design completed successfully
synth_design: Time (s): cpu = 00:00:35 ; elapsed = 00:00:41 . Memory (MB): peak = 1659.488 ; gain = 1050.281
Write ShapeDB Complete: Time (s): cpu = 00:00:00 ; elapsed = 00:00:00.001 . Memory (MB): peak = 1659.488 ; gain = 0.000
INFO: [Common 17-1381] The checkpoint 'C:/Users/ol5102ma-s/Program/Vivado/lab2_corrected/lab2/lab2.runs/synth_1/keyboard_top.dcp' has been generated.
INFO: [Vivado 12-24828] Executing command : report_utilization -file keyboard_top_utilization_synth.rpt -pb keyboard_top_utilization_synth.pb
INFO: [Common 17-206] Exiting Vivado at Wed Sep 16 16:45:08 2026...
