Vivado Simulator v2026.1
Copyright 1986-2022 Xilinx, Inc. All Rights Reserved.
Copyright 2022-2026 Advanced Micro Devices, Inc. All Rights Reserved.
Running: C:/AMDDesignTools/2026.1/Vivado/bin/unwrapped/win64.o/xelab.exe --incr --debug typical --relax --mt 2 -L xil_defaultlib -L uvm -L unisims_ver -L unimacro_ver -L secureip --snapshot testbench_top_behav xil_defaultlib.testbench_top xil_defaultlib.glbl -log elaborate.log 
INFO: [XSIM 43-3493] Using 2 slave threads.
Starting static elaboration
Pass Through NonSizing Optimizer
Completed static elaboration
Starting simulation data flow analysis
Completed simulation data flow analysis
Time Resolution for simulation is 1ps
Compiling module xil_defaultlib.sync_keyboard
Compiling module xil_defaultlib.edge_detector
Compiling module xil_defaultlib.convert_scancode
Compiling module xil_defaultlib.keyboard_ctrl
Compiling module xil_defaultlib.convert_to_binary
Compiling module xil_defaultlib.binary_to_sg
Compiling module xil_defaultlib.keyboard_top
Compiling module xil_defaultlib.testbench_top
Compiling module xil_defaultlib.glbl
Built simulation snapshot testbench_top_behav
