Copyright 1986-2022 Xilinx, Inc. All Rights Reserved. Copyright 2022-2024 Advanced Micro Devices, Inc. All Rights Reserved.
---------------------------------------------------------------------------------------------------------------------------------------------
| Tool Version : Vivado v.2024.1 (win64) Build 5076996 Wed May 22 18:37:14 MDT 2024
| Date         : Wed Sep 16 16:46:06 2026
| Host         : fox-26 running 64-bit major release  (build 9200)
| Command      : report_control_sets -verbose -file keyboard_top_control_sets_placed.rpt
| Design       : keyboard_top
| Device       : xc7a100t
---------------------------------------------------------------------------------------------------------------------------------------------

Control Set Information

Table of Contents
-----------------
1. Summary
2. Histogram
3. Flip-Flop Distribution
4. Detailed Control Set Information

1. Summary
----------

+----------------------------------------------------------+-------+
|                          Status                          | Count |
+----------------------------------------------------------+-------+
| Total control sets                                       |     6 |
|    Minimum number of control sets                        |     6 |
|    Addition due to synthesis replication                 |     0 |
|    Addition due to physical synthesis replication        |     0 |
| Unused register locations in slices containing registers |     9 |
+----------------------------------------------------------+-------+
* Control sets can be merged at opt_design using control_set_merge or merge_equivalent_drivers
** Run report_qor_suggestions for automated merging and remapping suggestions


2. Histogram
------------

+--------------------+-------+
|       Fanout       | Count |
+--------------------+-------+
| Total control sets |     6 |
| >= 0 to < 4        |     0 |
| >= 4 to < 6        |     1 |
| >= 6 to < 8        |     1 |
| >= 8 to < 10       |     1 |
| >= 10 to < 12      |     0 |
| >= 12 to < 14      |     1 |
| >= 14 to < 16      |     0 |
| >= 16              |     2 |
+--------------------+-------+
* Control sets can be remapped at either synth_design or opt_design


3. Flip-Flop Distribution
-------------------------

+--------------+-----------------------+------------------------+-----------------+--------------+
| Clock Enable | Synchronous Set/Reset | Asynchronous Set/Reset | Total Registers | Total Slices |
+--------------+-----------------------+------------------------+-----------------+--------------+
| No           | No                    | No                     |               6 |            3 |
| No           | No                    | Yes                    |               0 |            0 |
| No           | Yes                   | No                     |              12 |            4 |
| Yes          | No                    | No                     |               0 |            0 |
| Yes          | No                    | Yes                    |               0 |            0 |
| Yes          | Yes                   | No                     |              61 |           19 |
+--------------+-----------------------+------------------------+-----------------+--------------+


4. Detailed Control Set Information
-----------------------------------

+----------------+------------------------------------------------+---------------------------------------------+------------------+----------------+--------------+
|  Clock Signal  |                  Enable Signal                 |               Set/Reset Signal              | Slice Load Count | Bel Load Count | Bels / Slice |
+----------------+------------------------------------------------+---------------------------------------------+------------------+----------------+--------------+
|  clk_IBUF_BUFG |                                                | rst_IBUF                                    |                2 |              4 |         2.00 |
|  clk_IBUF_BUFG |                                                |                                             |                3 |              6 |         2.00 |
|  clk_IBUF_BUFG |                                                | keyboard_ctrl_inst/cycle_counter[0]_i_1_n_0 |                2 |              8 |         4.00 |
|  clk_IBUF_BUFG | edge_detector_inst/E[0]                        | rst_IBUF                                    |                4 |             13 |         3.25 |
|  clk_IBUF_BUFG | convert_scancode_inst/scan_code_reg[7]_i_1_n_0 | rst_IBUF                                    |                6 |             16 |         2.67 |
|  clk_IBUF_BUFG | keyboard_ctrl_inst/digits                      | rst_IBUF                                    |                9 |             32 |         3.56 |
+----------------+------------------------------------------------+---------------------------------------------+------------------+----------------+--------------+


